// Jest Snapshot v1, https://goo.gl/fbAQLP

exports[`Helpers/Geometry: Distance path calculate full distance by decoded path 1`] = `1780.5844366067988`;

exports[`Helpers/Geometry: Distance path calculate full distance by string path 1`] = `1780.5844366067988`;

exports[`Helpers/Geometry: Distance path calculate specifying an index limit point 1`] = `186.70612544925416`;

exports[`Helpers/Geometry: Distance path calculate specifying an index start point 1`] = `1478.9886266906628`;
